server/gateway/services/documentService.ts(89,11): error TS2322: Type '"DOCUMENT_TAMPER_DETECTED"' is not assignable to type '"ATTACK_ATTEMPT" | "DOCUMENT_CREATE" | "DOCUMENT_MODIFY" | "DOCUMENT_ACCESS" | "FAILED_ACCESS_ATTEMPT" | "MODIFY_ATTEMPT_DENIED"'.
server/services/securitySimulator.ts(11,7): error TS2322: Type '"TOKEN_TAMPER_ATTEMPT"' is not assignable to type '"ATTACK_ATTEMPT" | "DOCUMENT_CREATE" | "DOCUMENT_MODIFY" | "DOCUMENT_ACCESS" | "FAILED_ACCESS_ATTEMPT" | "MODIFY_ATTEMPT_DENIED"'.
server/services/securitySimulator.ts(26,7): error TS2820: Type '"API_ATTACK_ATTEMPT"' is not assignable to type '"ATTACK_ATTEMPT" | "DOCUMENT_CREATE" | "DOCUMENT_MODIFY" | "DOCUMENT_ACCESS" | "FAILED_ACCESS_ATTEMPT" | "MODIFY_ATTEMPT_DENIED"'. Did you mean '"ATTACK_ATTEMPT"'?
server/services/securitySimulator.ts(41,7): error TS2322: Type '"PRIVILEGE_ESCALATION_ATTEMPT"' is not assignable to type '"ATTACK_ATTEMPT" | "DOCUMENT_CREATE" | "DOCUMENT_MODIFY" | "DOCUMENT_ACCESS" | "FAILED_ACCESS_ATTEMPT" | "MODIFY_ATTEMPT_DENIED"'.
src/components/SecuritySimulatorPanel.tsx(157,14): error TS2304: Cannot find name 'AlertCircle'.
